[
  {
    "t": 0.5,
    "path": "/v2/health/ready",
    "status": 503,
    "bytes": 31
  },
  {
    "t": 0.5,
    "path": "/v1/models",
    "status": 200,
    "bytes": 27
  },
  {
    "t": 0.5,
    "path": "/v3/models",
    "status": 200,
    "bytes": 27
  },
  {
    "t": 5.6,
    "path": "/v2/health/ready",
    "status": 503,
    "bytes": 31
  },
  {
    "t": 5.6,
    "path": "/v1/models",
    "status": 200,
    "bytes": 27
  },
  {
    "t": 5.6,
    "path": "/v3/models",
    "status": 200,
    "bytes": 27
  },
  {
    "t": 10.6,
    "path": "/v2/health/ready",
    "status": 503,
    "bytes": 31
  },
  {
    "t": 10.6,
    "path": "/v1/models",
    "status": 200,
    "bytes": 27
  },
  {
    "t": 10.6,
    "path": "/v3/models",
    "status": 200,
    "bytes": 27
  },
  {
    "t": 15.6,
    "path": "/v2/health/ready",
    "status": 503,
    "bytes": 31
  },
  {
    "t": 15.6,
    "path": "/v1/models",
    "status": 200,
    "bytes": 27
  },
  {
    "t": 15.6,
    "path": "/v3/models",
    "status": 200,
    "bytes": 27
  },
  {
    "t": 20.6,
    "path": "/v2/health/ready",
    "status": 503,
    "bytes": 31
  },
  {
    "t": 20.6,
    "path": "/v1/models",
    "status": 200,
    "bytes": 27
  },
  {
    "t": 20.6,
    "path": "/v3/models",
    "status": 200,
    "bytes": 27
  },
  {
    "t": 25.6,
    "path": "/v2/health/ready",
    "status": 503,
    "bytes": 31
  },
  {
    "t": 25.7,
    "path": "/v1/models",
    "status": 200,
    "bytes": 27
  },
  {
    "t": 25.7,
    "path": "/v3/models",
    "status": 200,
    "bytes": 27
  },
  {
    "t": 30.7,
    "path": "/v2/health/ready",
    "status": 503,
    "bytes": 31
  },
  {
    "t": 30.7,
    "path": "/v1/models",
    "status": 200,
    "bytes": 27
  },
  {
    "t": 30.7,
    "path": "/v3/models",
    "status": 200,
    "bytes": 27
  },
  {
    "t": 35.7,
    "path": "/v2/health/ready",
    "status": 200,
    "bytes": 0
  },
  {
    "t": 35.7,
    "path": "/v1/models",
    "status": 200,
    "bytes": 109
  }
]