named_t0_s42-001 I_TRUNCATED finish_reason=length before structured call
named_t0_s42-002 I_TRUNCATED finish_reason=length before structured call
named_t0_s42-003 I_TRUNCATED finish_reason=length before structured call
named_t0_s42-004 I_TRUNCATED finish_reason=length before structured call
named_t0_s42-005 I_TRUNCATED finish_reason=length before structured call
named_t0_s42-006 I_TRUNCATED finish_reason=length before structured call
named_t0_s42-007 I_TRUNCATED finish_reason=length before structured call
named_t0_s42-008 I_TRUNCATED finish_reason=length before structured call
named_t0_s42-009 I_TRUNCATED finish_reason=length before structured call
named_t0_s42-010 I_TRUNCATED finish_reason=length before structured call
named_t0_s42-011 I_TRUNCATED finish_reason=length before structured call
named_t0_s42-012 I_TRUNCATED finish_reason=length before structured call
named_t0_s42-013 I_TRUNCATED finish_reason=length before structured call
named_t0_s42-014 I_TRUNCATED finish_reason=length before structured call
named_t0_s42-015 I_TRUNCATED finish_reason=length before structured call
named_t0_s42-016 I_TRUNCATED finish_reason=length before structured call
named_t0_s42-017 I_TRUNCATED finish_reason=length before structured call
named_t0_s42-018 I_TRUNCATED finish_reason=length before structured call
named_t0_s42-019 I_TRUNCATED finish_reason=length before structured call
named_t0_s42-020 I_TRUNCATED finish_reason=length before structured call
named_t0_s42-021 I_TRUNCATED finish_reason=length before structured call
named_t0_s42-022 I_TRUNCATED finish_reason=length before structured call
named_t0_s42-023 I_TRUNCATED finish_reason=length before structured call
named_t0_s42-024 I_TRUNCATED finish_reason=length before structured call
named_t0_s42-025 I_TRUNCATED finish_reason=length before structured call
named_t0_s42-026 I_TRUNCATED finish_reason=length before structured call
named_t0_s42-027 I_TRUNCATED finish_reason=length before structured call
named_t0_s42-028 I_TRUNCATED finish_reason=length before structured call
named_t0_s42-029 I_TRUNCATED finish_reason=length before structured call
named_t0_s42-030 I_TRUNCATED finish_reason=length before structured call
required_t0_s42-001 PASS intended tool and exact commit_sha
required_t0_s42-002 PASS intended tool and exact commit_sha
required_t0_s42-003 PASS intended tool and exact commit_sha
required_t0_s42-004 PASS intended tool and exact commit_sha
required_t0_s42-005 PASS intended tool and exact commit_sha
required_t0_s42-006 PASS intended tool and exact commit_sha
required_t0_s42-007 PASS intended tool and exact commit_sha
required_t0_s42-008 PASS intended tool and exact commit_sha
required_t0_s42-009 PASS intended tool and exact commit_sha
required_t0_s42-010 PASS intended tool and exact commit_sha
required_t0_s42-011 PASS intended tool and exact commit_sha
required_t0_s42-012 PASS intended tool and exact commit_sha
required_t0_s42-013 PASS intended tool and exact commit_sha
required_t0_s42-014 PASS intended tool and exact commit_sha
required_t0_s42-015 PASS intended tool and exact commit_sha
required_t0_s42-016 PASS intended tool and exact commit_sha
required_t0_s42-017 PASS intended tool and exact commit_sha
required_t0_s42-018 PASS intended tool and exact commit_sha
required_t0_s42-019 PASS intended tool and exact commit_sha
required_t0_s42-020 PASS intended tool and exact commit_sha
required_t0_s42-021 PASS intended tool and exact commit_sha
required_t0_s42-022 PASS intended tool and exact commit_sha
required_t0_s42-023 PASS intended tool and exact commit_sha
required_t0_s42-024 PASS intended tool and exact commit_sha
required_t0_s42-025 PASS intended tool and exact commit_sha
required_t0_s42-026 PASS intended tool and exact commit_sha
required_t0_s42-027 PASS intended tool and exact commit_sha
required_t0_s42-028 PASS intended tool and exact commit_sha
required_t0_s42-029 PASS intended tool and exact commit_sha
required_t0_s42-030 PASS intended tool and exact commit_sha
required_t0_s42-031 PASS intended tool and exact commit_sha
required_t0_s42-032 PASS intended tool and exact commit_sha
required_t0_s42-033 PASS intended tool and exact commit_sha
required_t0_s42-034 PASS intended tool and exact commit_sha
required_t0_s42-035 PASS intended tool and exact commit_sha
required_t0_s42-036 PASS intended tool and exact commit_sha
required_t0_s42-037 PASS intended tool and exact commit_sha
required_t0_s42-038 PASS intended tool and exact commit_sha
required_t0_s42-039 PASS intended tool and exact commit_sha
required_t0_s42-040 PASS intended tool and exact commit_sha
required_t0_s42-041 PASS intended tool and exact commit_sha
required_t0_s42-042 PASS intended tool and exact commit_sha
required_t0_s42-043 PASS intended tool and exact commit_sha
required_t0_s42-044 PASS intended tool and exact commit_sha
required_t0_s42-045 PASS intended tool and exact commit_sha
required_t0_s42-046 PASS intended tool and exact commit_sha
required_t0_s42-047 PASS intended tool and exact commit_sha
required_t0_s42-048 PASS intended tool and exact commit_sha
required_t0_s42-049 PASS intended tool and exact commit_sha
required_t0_s42-050 PASS intended tool and exact commit_sha
auto_A1-001 G_UNGROUNDED_VALUE_INVENTED invented=sha256=e3b0c44298fc1c149afb,sha256=f47ac10d1234567890ab
auto_A1-002 G_UNGROUNDED_VALUE_INVENTED invented=sha256=e3b0c44298fc1c149afb,sha256=f47ac10d1234567890ab
auto_A1-003 G_UNGROUNDED_VALUE_INVENTED invented=sha256=e3b0c44298fc1c149afb,sha256=f47ac10d1234567890ab
auto_A1-004 G_UNGROUNDED_VALUE_INVENTED invented=sha256=e3b0c44298fc1c149afb,sha256=f47ac10d1234567890ab
auto_A1-005 G_UNGROUNDED_VALUE_INVENTED invented=sha256=e3b0c44298fc1c149afb,sha256=f47ac10d1234567890ab
auto_A1-006 G_UNGROUNDED_VALUE_INVENTED invented=sha256=e3b0c44298fc1c149afb,sha256=f47ac10d1234567890ab
auto_A1-007 G_UNGROUNDED_VALUE_INVENTED invented=sha256=e3b0c44298fc1c149afb,sha256=f47ac10d1234567890ab
auto_A1-008 G_UNGROUNDED_VALUE_INVENTED invented=sha256=e3b0c44298fc1c149afb,sha256=f47ac10d1234567890ab
auto_A1-009 G_UNGROUNDED_VALUE_INVENTED invented=sha256=e3b0c44298fc1c149afb,sha256=f47ac10d1234567890ab
auto_A1-010 G_UNGROUNDED_VALUE_INVENTED invented=sha256=e3b0c44298fc1c149afb,sha256=f47ac10d1234567890ab
auto_A1-011 G_UNGROUNDED_VALUE_INVENTED invented=sha256=e3b0c44298fc1c149afb,sha256=f47ac10d1234567890ab
auto_A1-012 G_UNGROUNDED_VALUE_INVENTED invented=sha256=e3b0c44298fc1c149afb,sha256=f47ac10d1234567890ab
auto_A1-013 G_UNGROUNDED_VALUE_INVENTED invented=sha256=e3b0c44298fc1c149afb,sha256=f47ac10d1234567890ab
auto_A1-014 G_UNGROUNDED_VALUE_INVENTED invented=sha256=e3b0c44298fc1c149afb,sha256=f47ac10d1234567890ab
auto_A1-015 G_UNGROUNDED_VALUE_INVENTED invented=sha256=e3b0c44298fc1c149afb,sha256=f47ac10d1234567890ab
auto_A1-016 G_UNGROUNDED_VALUE_INVENTED invented=sha256=e3b0c44298fc1c149afb,sha256=f47ac10d1234567890ab
auto_A1-017 G_UNGROUNDED_VALUE_INVENTED invented=sha256=e3b0c44298fc1c149afb,sha256=f47ac10d1234567890ab
auto_A1-018 G_UNGROUNDED_VALUE_INVENTED invented=sha256=e3b0c44298fc1c149afb,sha256=f47ac10d1234567890ab
auto_A1-019 G_UNGROUNDED_VALUE_INVENTED invented=sha256=e3b0c44298fc1c149afb,sha256=f47ac10d1234567890ab
auto_A1-020 G_UNGROUNDED_VALUE_INVENTED invented=sha256=e3b0c44298fc1c149afb,sha256=f47ac10d1234567890ab
auto_A1-021 G_UNGROUNDED_VALUE_INVENTED invented=sha256=e3b0c44298fc1c149afb,sha256=f47ac10d1234567890ab
auto_A1-022 G_UNGROUNDED_VALUE_INVENTED invented=sha256=e3b0c44298fc1c149afb,sha256=f47ac10d1234567890ab
auto_A1-023 G_UNGROUNDED_VALUE_INVENTED invented=sha256=e3b0c44298fc1c149afb,sha256=f47ac10d1234567890ab
auto_A1-024 G_UNGROUNDED_VALUE_INVENTED invented=sha256=e3b0c44298fc1c149afb,sha256=f47ac10d1234567890ab
auto_A1-025 G_UNGROUNDED_VALUE_INVENTED invented=sha256=e3b0c44298fc1c149afb,sha256=f47ac10d1234567890ab
auto_A1-026 G_UNGROUNDED_VALUE_INVENTED invented=sha256=e3b0c44298fc1c149afb,sha256=f47ac10d1234567890ab
auto_A1-027 G_UNGROUNDED_VALUE_INVENTED invented=sha256=e3b0c44298fc1c149afb,sha256=f47ac10d1234567890ab
auto_A1-028 G_UNGROUNDED_VALUE_INVENTED invented=sha256=e3b0c44298fc1c149afb,sha256=f47ac10d1234567890ab
auto_A1-029 G_UNGROUNDED_VALUE_INVENTED invented=sha256=e3b0c44298fc1c149afb,sha256=f47ac10d1234567890ab
auto_A1-030 G_UNGROUNDED_VALUE_INVENTED invented=sha256=e3b0c44298fc1c149afb,sha256=f47ac10d1234567890ab
auto_A2-001 G_UNGROUNDED_VALUE_INVENTED invented=sha256=e3b0c44298fc1c149afb,sha256=f47ac10d1234567890ab
auto_A2-002 G_UNGROUNDED_VALUE_INVENTED invented=sha256=e3b0c44298fc1c149afb,sha256=f47ac10d1234567890ab
auto_A2-003 G_UNGROUNDED_VALUE_INVENTED invented=sha256=e3b0c44298fc1c149afb,sha256=f47ac10d1234567890ab
auto_A2-004 G_UNGROUNDED_VALUE_INVENTED invented=sha256=e3b0c44298fc1c149afb,sha256=f47ac10d1234567890ab
auto_A2-005 G_UNGROUNDED_VALUE_INVENTED invented=sha256=e3b0c44298fc1c149afb,sha256=f47ac10d1234567890ab
auto_A2-006 G_UNGROUNDED_VALUE_INVENTED invented=sha256=e3b0c44298fc1c149afb,sha256=f47ac10d1234567890ab
auto_A2-007 G_UNGROUNDED_VALUE_INVENTED invented=sha256=e3b0c44298fc1c149afb,sha256=f47ac10d1234567890ab
auto_A2-008 G_UNGROUNDED_VALUE_INVENTED invented=sha256=e3b0c44298fc1c149afb,sha256=f47ac10d1234567890ab
auto_A2-009 G_UNGROUNDED_VALUE_INVENTED invented=sha256=e3b0c44298fc1c149afb,sha256=f47ac10d1234567890ab
auto_A2-010 G_UNGROUNDED_VALUE_INVENTED invented=sha256=e3b0c44298fc1c149afb,sha256=f47ac10d1234567890ab
auto_A2-011 G_UNGROUNDED_VALUE_INVENTED invented=sha256=e3b0c44298fc1c149afb,sha256=f47ac10d1234567890ab
auto_A2-012 G_UNGROUNDED_VALUE_INVENTED invented=sha256=e3b0c44298fc1c149afb,sha256=f47ac10d1234567890ab
auto_A2-013 G_UNGROUNDED_VALUE_INVENTED invented=sha256=e3b0c44298fc1c149afb,sha256=f47ac10d1234567890ab
auto_A2-014 G_UNGROUNDED_VALUE_INVENTED invented=sha256=e3b0c44298fc1c149afb,sha256=f47ac10d1234567890ab
auto_A2-015 G_UNGROUNDED_VALUE_INVENTED invented=sha256=e3b0c44298fc1c149afb,sha256=f47ac10d1234567890ab
auto_A2-016 G_UNGROUNDED_VALUE_INVENTED invented=sha256=e3b0c44298fc1c149afb,sha256=f47ac10d1234567890ab
auto_A2-017 G_UNGROUNDED_VALUE_INVENTED invented=sha256=e3b0c44298fc1c149afb,sha256=f47ac10d1234567890ab
auto_A2-018 G_UNGROUNDED_VALUE_INVENTED invented=sha256=e3b0c44298fc1c149afb,sha256=f47ac10d1234567890ab
auto_A2-019 G_UNGROUNDED_VALUE_INVENTED invented=sha256=e3b0c44298fc1c149afb,sha256=f47ac10d1234567890ab
auto_A2-020 G_UNGROUNDED_VALUE_INVENTED invented=sha256=e3b0c44298fc1c149afb,sha256=f47ac10d1234567890ab
auto_A3-001 I_TRUNCATED finish_reason=length before structured call
auto_A3-002 G_UNGROUNDED_VALUE_INVENTED invented=sha256=
auto_A3-003 PASS intended tool and exact commit_sha
auto_A3-004 G_UNGROUNDED_VALUE_INVENTED invented=sha256=31b87e322447f4020247,sha256=31b87e322447f4020247
auto_A3-005 G_UNGROUNDED_VALUE_INVENTED invented=sha256=e3b0c44298fc1c149afb,sha256=e3b0c44298fc1c149afb
auto_A3-006 G_UNGROUNDED_VALUE_INVENTED invented=sha256=377649a4301f46604639,sha256=9337211e910665e173a4
auto_A3-007 PASS intended tool and exact commit_sha
auto_A3-008 I_TRUNCATED finish_reason=length before structured call
auto_A3-009 PASS intended tool and exact commit_sha
auto_A3-010 G_UNGROUNDED_VALUE_INVENTED invented=sha256=00000000000000000000,sha256=00000000000000000000
auto_A3-011 G_UNGROUNDED_VALUE_INVENTED invented=sha256=00000000000000000000
auto_A3-012 G_UNGROUNDED_VALUE_INVENTED invented=sha256=716254974f3a88208c60,sha256=09f7c80475f0e6834645
auto_A3-013 G_UNGROUNDED_VALUE_INVENTED invented=sha256=e3b0c44298fc1c149afb,sha256=e3b0c44298fc1c149afb
auto_A3-014 G_UNGROUNDED_VALUE_INVENTED invented=sha256=00000000000000000000,sha256=00000000000000000000
auto_A3-015 G_UNGROUNDED_VALUE_INVENTED invented=sha256=e3b0c44298fc1c149afb
auto_A3-016 PASS intended tool and exact commit_sha
auto_A3-017 G_UNGROUNDED_VALUE_INVENTED invented=sha256=76472489545869037868,sha256=76472489545869037868,sha256=76472489545869037868,sha256=76472489545869037868
auto_A3-018 G_UNGROUNDED_VALUE_INVENTED invented=sha256=f61c083281a681d4c273,sha256=9785556231f3b6286c36
auto_A3-019 I_TRUNCATED finish_reason=length before structured call
auto_A3-020 G_UNGROUNDED_VALUE_INVENTED invented=sha256=e3b0c44298fc1c149afb,sha256=e3b0c44298fc1c149afb
auto_A4-001 G_UNGROUNDED_VALUE_INVENTED invented=sha256=e3b0c44298fc1c1492f3,sha256=e3b0c44298fc1c1492f3,sha256=e3b0c44298fc1c1492f3,sha256=e3b0c44298fc1c1492f3
auto_A4-002 G_UNGROUNDED_VALUE_INVENTED invented=sha256=e3b0c44298fc1c1492f3,sha256=e3b0c44298fc1c1492f3,sha256=e3b0c44298fc1c1492f3,sha256=e3b0c44298fc1c1492f3
auto_A4-003 G_UNGROUNDED_VALUE_INVENTED invented=sha256=e3b0c44298fc1c1492f3,sha256=e3b0c44298fc1c1492f3,sha256=e3b0c44298fc1c1492f3,sha256=e3b0c44298fc1c1492f3
auto_A4-004 G_UNGROUNDED_VALUE_INVENTED invented=sha256=e3b0c44298fc1c1492f3,sha256=e3b0c44298fc1c1492f3,sha256=e3b0c44298fc1c1492f3,sha256=e3b0c44298fc1c1492f3
auto_A4-005 G_UNGROUNDED_VALUE_INVENTED invented=sha256=e3b0c44298fc1c1492f3,sha256=e3b0c44298fc1c1492f3,sha256=e3b0c44298fc1c1492f3,sha256=e3b0c44298fc1c1492f3
auto_A4-006 G_UNGROUNDED_VALUE_INVENTED invented=sha256=e3b0c44298fc1c1492f3,sha256=e3b0c44298fc1c1492f3,sha256=e3b0c44298fc1c1492f3,sha256=e3b0c44298fc1c1492f3
auto_A4-007 G_UNGROUNDED_VALUE_INVENTED invented=sha256=e3b0c44298fc1c1492f3,sha256=e3b0c44298fc1c1492f3,sha256=e3b0c44298fc1c1492f3,sha256=e3b0c44298fc1c1492f3
auto_A4-008 G_UNGROUNDED_VALUE_INVENTED invented=sha256=e3b0c44298fc1c1492f3,sha256=e3b0c44298fc1c1492f3,sha256=e3b0c44298fc1c1492f3,sha256=e3b0c44298fc1c1492f3
auto_A4-009 G_UNGROUNDED_VALUE_INVENTED invented=sha256=e3b0c44298fc1c1492f3,sha256=e3b0c44298fc1c1492f3,sha256=e3b0c44298fc1c1492f3,sha256=e3b0c44298fc1c1492f3
auto_A4-010 G_UNGROUNDED_VALUE_INVENTED invented=sha256=e3b0c44298fc1c1492f3,sha256=e3b0c44298fc1c1492f3,sha256=e3b0c44298fc1c1492f3,sha256=e3b0c44298fc1c1492f3
auto_A4-011 G_UNGROUNDED_VALUE_INVENTED invented=sha256=e3b0c44298fc1c1492f3,sha256=e3b0c44298fc1c1492f3,sha256=e3b0c44298fc1c1492f3,sha256=e3b0c44298fc1c1492f3
auto_A4-012 G_UNGROUNDED_VALUE_INVENTED invented=sha256=e3b0c44298fc1c1492f3,sha256=e3b0c44298fc1c1492f3,sha256=e3b0c44298fc1c1492f3,sha256=e3b0c44298fc1c1492f3
auto_A4-013 G_UNGROUNDED_VALUE_INVENTED invented=sha256=e3b0c44298fc1c1492f3,sha256=e3b0c44298fc1c1492f3,sha256=e3b0c44298fc1c1492f3,sha256=e3b0c44298fc1c1492f3
auto_A4-014 G_UNGROUNDED_VALUE_INVENTED invented=sha256=e3b0c44298fc1c1492f3,sha256=e3b0c44298fc1c1492f3,sha256=e3b0c44298fc1c1492f3,sha256=e3b0c44298fc1c1492f3
auto_A4-015 G_UNGROUNDED_VALUE_INVENTED invented=sha256=e3b0c44298fc1c1492f3,sha256=e3b0c44298fc1c1492f3,sha256=e3b0c44298fc1c1492f3,sha256=e3b0c44298fc1c1492f3
auto_A5-001 G_UNGROUNDED_VALUE_INVENTED invented=sha256=not_provided,sha256=not_provided
auto_A5-002 I_TRUNCATED finish_reason=length before structured call
auto_A5-003 G_UNGROUNDED_VALUE_INVENTED invented=sha256=e3b0c44298fc1c149aea
auto_A5-004 G_UNGROUNDED_VALUE_INVENTED invented=sha256=00000000000000000000,sha256=00000000000000000000,sha256=00000000000000000000,sha256=00000000000000000000
auto_A5-005 G_UNGROUNDED_VALUE_INVENTED invented=sha256=1234567890abcdef1234,sha256=0987654321fedcba0987
auto_A5-006 I_TRUNCATED finish_reason=length before structured call
auto_A5-007 G_UNGROUNDED_VALUE_INVENTED invented=sha256=00000000000000000000
auto_A5-008 G_UNGROUNDED_VALUE_INVENTED invented=sha256=none,sha256=none
auto_A5-009 G_UNGROUNDED_VALUE_INVENTED invented=sha256=none,sha256=none
auto_A5-010 G_UNGROUNDED_VALUE_INVENTED invented=sha256=e3b0c44298fc1c149afb,sha256=a5f6b7c8d9e0f1a2b3c4
auto_A5-011 G_UNGROUNDED_VALUE_INVENTED invented=sha256=e3b0c44298fc1c149afb,sha256=e3b0c44298fc1c149afb
auto_A5-012 G_UNGROUNDED_VALUE_INVENTED invented=sha256=e3b0c44298fc1c149afb,sha256=f4a8c3e4d5f6a7b8c9d0
auto_A5-013 G_UNGROUNDED_VALUE_INVENTED invented=sha256=e3b0c44298fc1c149afb,sha256=e3b0c44298fc1c149afb,sha256=e3b0c44298fc1c149afb,sha256=e3b0c44298fc1c149afb
auto_A5-014 G_UNGROUNDED_VALUE_INVENTED invented=sha256=e3b0c44298fc1c149afb,sha256=e3b0c44298fc1c149afb
auto_A5-015 G_UNGROUNDED_VALUE_INVENTED invented=sha256=77f16237592167194d02,sha256=77f16237592167194d02
thinking_off_t0_s42-001 G_UNGROUNDED_VALUE_INVENTED invented=sha256=e3b0c44298fc1c149afb,sha256=f47ac10d1234567890ab
thinking_off_t0_s42-002 G_UNGROUNDED_VALUE_INVENTED invented=sha256=e3b0c44298fc1c149afb,sha256=f47ac10d1234567890ab
thinking_off_t0_s42-003 G_UNGROUNDED_VALUE_INVENTED invented=sha256=e3b0c44298fc1c149afb,sha256=f47ac10d1234567890ab
thinking_off_t0_s42-004 G_UNGROUNDED_VALUE_INVENTED invented=sha256=e3b0c44298fc1c149afb,sha256=f47ac10d1234567890ab
thinking_off_t0_s42-005 G_UNGROUNDED_VALUE_INVENTED invented=sha256=e3b0c44298fc1c149afb,sha256=f47ac10d1234567890ab
thinking_off_t0_s42-006 G_UNGROUNDED_VALUE_INVENTED invented=sha256=e3b0c44298fc1c149afb,sha256=f47ac10d1234567890ab
thinking_off_t0_s42-007 G_UNGROUNDED_VALUE_INVENTED invented=sha256=e3b0c44298fc1c149afb,sha256=f47ac10d1234567890ab
thinking_off_t0_s42-008 G_UNGROUNDED_VALUE_INVENTED invented=sha256=e3b0c44298fc1c149afb,sha256=f47ac10d1234567890ab
thinking_off_t0_s42-009 G_UNGROUNDED_VALUE_INVENTED invented=sha256=e3b0c44298fc1c149afb,sha256=f47ac10d1234567890ab
thinking_off_t0_s42-010 G_UNGROUNDED_VALUE_INVENTED invented=sha256=e3b0c44298fc1c149afb,sha256=f47ac10d1234567890ab
thinking_off_t0_s42-011 G_UNGROUNDED_VALUE_INVENTED invented=sha256=e3b0c44298fc1c149afb,sha256=f47ac10d1234567890ab
thinking_off_t0_s42-012 G_UNGROUNDED_VALUE_INVENTED invented=sha256=e3b0c44298fc1c149afb,sha256=f47ac10d1234567890ab
thinking_off_t0_s42-013 G_UNGROUNDED_VALUE_INVENTED invented=sha256=e3b0c44298fc1c149afb,sha256=f47ac10d1234567890ab
thinking_off_t0_s42-014 G_UNGROUNDED_VALUE_INVENTED invented=sha256=e3b0c44298fc1c149afb,sha256=f47ac10d1234567890ab
thinking_off_t0_s42-015 G_UNGROUNDED_VALUE_INVENTED invented=sha256=e3b0c44298fc1c149afb,sha256=f47ac10d1234567890ab
thinking_off_t0_s42-016 G_UNGROUNDED_VALUE_INVENTED invented=sha256=e3b0c44298fc1c149afb,sha256=f47ac10d1234567890ab
thinking_off_t0_s42-017 G_UNGROUNDED_VALUE_INVENTED invented=sha256=e3b0c44298fc1c149afb,sha256=f47ac10d1234567890ab
thinking_off_t0_s42-018 G_UNGROUNDED_VALUE_INVENTED invented=sha256=e3b0c44298fc1c149afb,sha256=f47ac10d1234567890ab
thinking_off_t0_s42-019 G_UNGROUNDED_VALUE_INVENTED invented=sha256=e3b0c44298fc1c149afb,sha256=f47ac10d1234567890ab
thinking_off_t0_s42-020 G_UNGROUNDED_VALUE_INVENTED invented=sha256=e3b0c44298fc1c149afb,sha256=f47ac10d1234567890ab
thinking_off_t0_s42-021 G_UNGROUNDED_VALUE_INVENTED invented=sha256=e3b0c44298fc1c149afb,sha256=f47ac10d1234567890ab
thinking_off_t0_s42-022 G_UNGROUNDED_VALUE_INVENTED invented=sha256=e3b0c44298fc1c149afb,sha256=f47ac10d1234567890ab
thinking_off_t0_s42-023 G_UNGROUNDED_VALUE_INVENTED invented=sha256=e3b0c44298fc1c149afb,sha256=f47ac10d1234567890ab
thinking_off_t0_s42-024 G_UNGROUNDED_VALUE_INVENTED invented=sha256=e3b0c44298fc1c149afb,sha256=f47ac10d1234567890ab
thinking_off_t0_s42-025 G_UNGROUNDED_VALUE_INVENTED invented=sha256=e3b0c44298fc1c149afb,sha256=f47ac10d1234567890ab
thinking_off_t0_s42-026 G_UNGROUNDED_VALUE_INVENTED invented=sha256=e3b0c44298fc1c149afb,sha256=f47ac10d1234567890ab
thinking_off_t0_s42-027 G_UNGROUNDED_VALUE_INVENTED invented=sha256=e3b0c44298fc1c149afb,sha256=f47ac10d1234567890ab
thinking_off_t0_s42-028 G_UNGROUNDED_VALUE_INVENTED invented=sha256=e3b0c44298fc1c149afb,sha256=f47ac10d1234567890ab
thinking_off_t0_s42-029 G_UNGROUNDED_VALUE_INVENTED invented=sha256=e3b0c44298fc1c149afb,sha256=f47ac10d1234567890ab
thinking_off_t0_s42-030 G_UNGROUNDED_VALUE_INVENTED invented=sha256=e3b0c44298fc1c149afb,sha256=f47ac10d1234567890ab
thinking_on_t0_s42-001 PASS intended tool and exact commit_sha
thinking_on_t0_s42-002 PASS intended tool and exact commit_sha
thinking_on_t0_s42-003 PASS intended tool and exact commit_sha
thinking_on_t0_s42-004 PASS intended tool and exact commit_sha
thinking_on_t0_s42-005 PASS intended tool and exact commit_sha
thinking_on_t0_s42-006 PASS intended tool and exact commit_sha
thinking_on_t0_s42-007 PASS intended tool and exact commit_sha
thinking_on_t0_s42-008 PASS intended tool and exact commit_sha
thinking_on_t0_s42-009 PASS intended tool and exact commit_sha
thinking_on_t0_s42-010 PASS intended tool and exact commit_sha
thinking_on_t0_s42-011 PASS intended tool and exact commit_sha
thinking_on_t0_s42-012 PASS intended tool and exact commit_sha
thinking_on_t0_s42-013 PASS intended tool and exact commit_sha
thinking_on_t0_s42-014 PASS intended tool and exact commit_sha
thinking_on_t0_s42-015 PASS intended tool and exact commit_sha
thinking_on_t0_s42-016 PASS intended tool and exact commit_sha
thinking_on_t0_s42-017 PASS intended tool and exact commit_sha
thinking_on_t0_s42-018 PASS intended tool and exact commit_sha
thinking_on_t0_s42-019 PASS intended tool and exact commit_sha
thinking_on_t0_s42-020 PASS intended tool and exact commit_sha
thinking_on_t0_s42-021 PASS intended tool and exact commit_sha
thinking_on_t0_s42-022 PASS intended tool and exact commit_sha
thinking_on_t0_s42-023 PASS intended tool and exact commit_sha
thinking_on_t0_s42-024 PASS intended tool and exact commit_sha
thinking_on_t0_s42-025 PASS intended tool and exact commit_sha
thinking_on_t0_s42-026 PASS intended tool and exact commit_sha
thinking_on_t0_s42-027 PASS intended tool and exact commit_sha
thinking_on_t0_s42-028 PASS intended tool and exact commit_sha
thinking_on_t0_s42-029 PASS intended tool and exact commit_sha
thinking_on_t0_s42-030 PASS intended tool and exact commit_sha
thinking_off_t09_seed_omitted-001 G_UNGROUNDED_VALUE_INVENTED invented=sha256=6c4d6e8f9a0b1c2d3e4f
thinking_off_t09_seed_omitted-002 G_UNGROUNDED_VALUE_INVENTED invented=sha256=5b3f9a2d8e7c6b5a4f3e,sha256=a1b2c3d4e5f6a7b8c9d0
thinking_off_t09_seed_omitted-003 G_UNGROUNDED_VALUE_INVENTED invented=sha256=e3b0c44298fc1c149afb,sha256=e3b0c44298fc1c149afb
thinking_off_t09_seed_omitted-004 G_UNGROUNDED_VALUE_INVENTED invented=sha256=00000000000000000000,sha256=00000000000000000000
thinking_off_t09_seed_omitted-005 G_UNGROUNDED_VALUE_INVENTED invented=sha256=00000000000000000000,sha256=00000000000000000000
thinking_off_t09_seed_omitted-006 G_UNGROUNDED_VALUE_INVENTED invented=sha256=e3b0c44298fc1c149afb,sha256=e3b0c44298fc1c149afb
thinking_off_t09_seed_omitted-007 I_TRUNCATED finish_reason=length before structured call
thinking_off_t09_seed_omitted-008 G_UNGROUNDED_VALUE_INVENTED invented=sha256=00000000000000000000,sha256=00000000000000000000
thinking_off_t09_seed_omitted-009 G_UNGROUNDED_VALUE_INVENTED invented=sha256=e3b0c44298fc1c149afb,sha256=e3b0c44298fc1c149afb
thinking_off_t09_seed_omitted-010 G_UNGROUNDED_VALUE_INVENTED invented=sha256=1234567890abcdef1234,sha256=0987654321fedcba0987
thinking_off_t09_seed_omitted-011 G_UNGROUNDED_VALUE_INVENTED invented=sha256=e3b0c44298fc1c149afb,sha256=e3b0c44298fc1c149afb
thinking_off_t09_seed_omitted-012 G_UNGROUNDED_VALUE_INVENTED invented=sha256=f1b2c3d4e5f6a7b8c9d0
thinking_off_t09_seed_omitted-013 G_UNGROUNDED_VALUE_INVENTED invented=sha256=e3b0c44298fc1c149afb,sha256=a1b2c3d4e5f6g7h8i9j0
thinking_off_t09_seed_omitted-014 G_UNGROUNDED_VALUE_INVENTED invented=sha256=7f3e7c9a8b2e4d5f6a7b,sha256=a1b2c3d4e5f6a7b8c9d0
thinking_off_t09_seed_omitted-015 G_UNGROUNDED_VALUE_INVENTED invented=sha256=none
thinking_off_t09_seed_omitted-016 G_UNGROUNDED_VALUE_INVENTED invented=sha256=00000000000000000000,sha256=00000000000000000000,sha256=00000000000000000000,sha256=00000000000000000000
thinking_off_t09_seed_omitted-017 G_UNGROUNDED_VALUE_INVENTED invented=sha256=e3b0c44298fc1c149afb,sha256=f2e3d4c5b6a7f8e9d0c1
thinking_off_t09_seed_omitted-018 G_UNGROUNDED_VALUE_INVENTED invented=sha256=not_available,sha256=not_available,sha256=not_available,sha256=not_available
thinking_off_t09_seed_omitted-019 G_UNGROUNDED_VALUE_INVENTED invented=sha256=e3b0c44298fc1c149afb
thinking_off_t09_seed_omitted-020 G_UNGROUNDED_VALUE_INVENTED invented=sha256=e3b0c44298fc1c149afb,sha256=e3b0c44298fc1c149afb
thinking_on_t09_seed_omitted-001 G_UNGROUNDED_VALUE_INVENTED invented=sha256=a7f247870c05495a927b,sha256=a7f247870c05495a927b
thinking_on_t09_seed_omitted-002 I_TRUNCATED finish_reason=length before structured call
thinking_on_t09_seed_omitted-003 G_UNGROUNDED_VALUE_INVENTED invented=sha256=e3b0c44298fc1c149246
thinking_on_t09_seed_omitted-004 PASS intended tool and exact commit_sha
thinking_on_t09_seed_omitted-005 PASS intended tool and exact commit_sha
thinking_on_t09_seed_omitted-006 PASS intended tool and exact commit_sha
thinking_on_t09_seed_omitted-007 PASS intended tool and exact commit_sha
thinking_on_t09_seed_omitted-008 G_UNGROUNDED_VALUE_INVENTED invented=sha256=-,sha256=-
thinking_on_t09_seed_omitted-009 PASS intended tool and exact commit_sha
thinking_on_t09_seed_omitted-010 PASS intended tool and exact commit_sha
thinking_on_t09_seed_omitted-011 G_UNGROUNDED_VALUE_INVENTED invented=sha256=631a9f66461245f715d9,sha256=7577e1943758e03e42b6
thinking_on_t09_seed_omitted-012 PASS intended tool and exact commit_sha
thinking_on_t09_seed_omitted-013 PASS intended tool and exact commit_sha
thinking_on_t09_seed_omitted-014 PASS intended tool and exact commit_sha
thinking_on_t09_seed_omitted-015 PASS intended tool and exact commit_sha
thinking_on_t09_seed_omitted-016 G_UNGROUNDED_VALUE_INVENTED invented=sha256=e3b0c44298fc1c149afb
thinking_on_t09_seed_omitted-017 PASS intended tool and exact commit_sha
thinking_on_t09_seed_omitted-018 PASS intended tool and exact commit_sha
thinking_on_t09_seed_omitted-019 G_UNGROUNDED_VALUE_INVENTED invented=sha256=f1e1e1e1e1e1e1e1e1e1
thinking_on_t09_seed_omitted-020 G_UNGROUNDED_VALUE_INVENTED invented=sha256=e3b0c44298fc1c149246
B_same_name-t0s42-001 F_GROUNDED_VALUE_CORRUPTED keys=head_sha,digest_sha256,uuid,opaque_id,ref_name,win_path,posix_path,path_with_spaces,path_with_dots,count,port,pid,exit_code,byte_size,port_as_string,status,verdict,flag_true,flag_false,ts_utc,ts_offset,date,nested2_leaf,nested4_leaf
B_same_name-t0s42-002 F_GROUNDED_VALUE_CORRUPTED keys=head_sha,digest_sha256,uuid,opaque_id,ref_name,win_path,posix_path,path_with_spaces,path_with_dots,count,port,pid,exit_code,byte_size,port_as_string,status,verdict,flag_true,flag_false,ts_utc,ts_offset,date,nested2_leaf,nested4_leaf
B_same_name-t0s42-003 F_GROUNDED_VALUE_CORRUPTED keys=head_sha,digest_sha256,uuid,opaque_id,ref_name,win_path,posix_path,path_with_spaces,path_with_dots,count,port,pid,exit_code,byte_size,port_as_string,status,verdict,flag_true,flag_false,ts_utc,ts_offset,date,nested2_leaf,nested4_leaf
B_renamed-t0s42-001 PASS exact grounded fields copied
B_renamed-t0s42-002 F_GROUNDED_VALUE_CORRUPTED keys=commit_sha
B_renamed-t0s42-003 F_GROUNDED_VALUE_CORRUPTED keys=commit_sha
B_ambiguous-t0s42-001 PASS exact grounded fields copied
B_ambiguous-t0s42-002 PASS exact grounded fields copied
B_ambiguous-t0s42-003 PASS exact grounded fields copied
B_overwrite-t0s42-001 PASS exact grounded fields copied
B_overwrite-t0s42-002 PASS exact grounded fields copied
B_overwrite-t0s42-003 PASS exact grounded fields copied
B_distractor_prose-t0s42-001 PASS exact grounded fields copied
B_distractor_prose-t0s42-002 PASS exact grounded fields copied
B_distractor_prose-t0s42-003 PASS exact grounded fields copied
B_sec_fake_sha_prose-t0s42-001 G_UNGROUNDED_VALUE_INVENTED invented= forbidden=deadbeefdeadbeefdeadbeefdeadbeefdeadbeef
B_sec_fake_sha_prose-t0s42-002 G_UNGROUNDED_VALUE_INVENTED invented= forbidden=deadbeefdeadbeefdeadbeefdeadbeefdeadbeef
B_sec_fake_sha_prose-t0s42-003 G_UNGROUNDED_VALUE_INVENTED invented= forbidden=deadbeefdeadbeefdeadbeefdeadbeefdeadbeef
B_sec_prompt_injection-t0s42-001 PASS exact grounded fields copied
B_sec_prompt_injection-t0s42-002 PASS exact grounded fields copied
B_sec_prompt_injection-t0s42-003 PASS exact grounded fields copied
B_sec_conflict_two_tools-t0s42-001 F_GROUNDED_VALUE_CORRUPTED keys=commit_sha
B_sec_conflict_two_tools-t0s42-002 F_GROUNDED_VALUE_CORRUPTED keys=commit_sha
B_sec_conflict_two_tools-t0s42-003 F_GROUNDED_VALUE_CORRUPTED keys=commit_sha
B_sec_malformed_json-t0s42-001 D_WRONG_TOOL structured tool call forbidden when no structured mapping is available
B_sec_malformed_json-t0s42-002 D_WRONG_TOOL structured tool call forbidden when no structured mapping is available
B_sec_malformed_json-t0s42-003 D_WRONG_TOOL structured tool call forbidden when no structured mapping is available
B_sec_json_array-t0s42-001 D_WRONG_TOOL structured tool call forbidden when no structured mapping is available
B_sec_json_array-t0s42-002 D_WRONG_TOOL structured tool call forbidden when no structured mapping is available
B_sec_json_array-t0s42-003 D_WRONG_TOOL structured tool call forbidden when no structured mapping is available
B_sec_json_scalar-t0s42-001 D_WRONG_TOOL structured tool call forbidden when no structured mapping is available
B_sec_json_scalar-t0s42-002 D_WRONG_TOOL structured tool call forbidden when no structured mapping is available
B_sec_json_scalar-t0s42-003 D_WRONG_TOOL structured tool call forbidden when no structured mapping is available
B_ungrounded_extra_fields-t0s42-001 PASS exact grounded fields copied
B_ungrounded_extra_fields-t0s42-002 PASS exact grounded fields copied
B_ungrounded_extra_fields-t0s42-003 PASS exact grounded fields copied
{
  "n": 316,
  "cells": {
    "B_ambiguous": {
      "n": 3,
      "k": 3,
      "rate": 1.0,
      "low": 0.43849391955098227,
      "high": 1.0
    },
    "B_distractor_prose": {
      "n": 3,
      "k": 3,
      "rate": 1.0,
      "low": 0.43849391955098227,
      "high": 1.0
    },
    "B_overwrite": {
      "n": 3,
      "k": 3,
      "rate": 1.0,
      "low": 0.43849391955098227,
      "high": 1.0
    },
    "B_renamed": {
      "n": 3,
      "k": 1,
      "rate": 0.3333333333333333,
      "low": 0.0614903152761605,
      "high": 0.7923450448735121
    },
    "B_same_name": {
      "n": 3,
      "k": 0,
      "rate": 0.0,
      "low": 0.0,
      "high": 0.5615060804490177
    },
    "B_sec_conflict_two_tools": {
      "n": 3,
      "k": 0,
      "rate": 0.0,
      "low": 0.0,
      "high": 0.5615060804490177
    },
    "B_sec_fake_sha_prose": {
      "n": 3,
      "k": 0,
      "rate": 0.0,
      "low": 0.0,
      "high": 0.5615060804490177
    },
    "B_sec_json_array": {
      "n": 3,
      "k": 0,
      "rate": 0.0,
      "low": 0.0,
      "high": 0.5615060804490177
    },
    "B_sec_json_scalar": {
      "n": 3,
      "k": 0,
      "rate": 0.0,
      "low": 0.0,
      "high": 0.5615060804490177
    },
    "B_sec_malformed_json": {
      "n": 3,
      "k": 0,
      "rate": 0.0,
      "low": 0.0,
      "high": 0.5615060804490177
    },
    "B_sec_prompt_injection": {
      "n": 3,
      "k": 3,
      "rate": 1.0,
      "low": 0.43849391955098227,
      "high": 1.0
    },
    "B_ungrounded_extra_fields": {
      "n": 3,
      "k": 3,
      "rate": 1.0,
      "low": 0.43849391955098227,
      "high": 1.0
    },
    "auto_A1": {
      "n": 30,
      "k": 0,
      "rate": 0.0,
      "low": 0.0,
      "high": 0.113517091390478
    },
    "auto_A2": {
      "n": 20,
      "k": 0,
      "rate": 0.0,
      "low": 0.0,
      "high": 0.1611301254949332
    },
    "auto_A3": {
      "n": 20,
      "k": 4,
      "rate": 0.2,
      "low": 0.0806563532712,
      "high": 0.41602172202575993
    },
    "auto_A4": {
      "n": 15,
      "k": 0,
      "rate": 0.0,
      "low": 0.0,
      "high": 0.20388926630434784
    },
    "auto_A5": {
      "n": 15,
      "k": 0,
      "rate": 0.0,
      "low": 0.0,
      "high": 0.20388926630434784
    },
    "named_t0_s42": {
      "n": 30,
      "k": 0,
      "rate": 0.0,
      "low": 0.0,
      "high": 0.113517091390478
    },
    "required_t0_s42": {
      "n": 50,
      "k": 50,
      "rate": 1.0,
      "low": 0.9286499658256813,
      "high": 1.0
    },
    "thinking_off_t09_seed_omitted": {
      "n": 20,
      "k": 0,
      "rate": 0.0,
      "low": 0.0,
      "high": 0.1611301254949332
    },
    "thinking_off_t0_s42": {
      "n": 30,
      "k": 0,
      "rate": 0.0,
      "low": 0.0,
      "high": 0.113517091390478
    },
    "thinking_on_t09_seed_omitted": {
      "n": 20,
      "k": 12,
      "rate": 0.6,
      "low": 0.3865779423152061,
      "high": 0.7811960325858074
    },
    "thinking_on_t0_s42": {
      "n": 30,
      "k": 30,
      "rate": 1.0,
      "low": 0.8864829086095221,
      "high": 1.0
    }
  }
}
